--------- beginning of main
07-20 02:17:54.349 26520 26567 D BufferPoolAccessor2.0: bufferpool2 0x72c87d77a8 : 0(0 size) total buffers - 0(0 size) used buffers - 2/7 (recycle/alloc) - 5/24 (fetch/transfer)
07-20 02:17:54.349 26520 26567 D BufferPoolAccessor2.0: evictor expired: 1, evicted: 1
07-20 02:17:54.478 26520 26538 D mali_gralloc: unregister: id=23300018865, handle=0x72087429b0, base=0x0, importpid=26520, count:0
07-20 02:17:54.479 26520 26538 D mali_gralloc: unregister: id=23300018866, handle=0x72087df310, base=0x0, importpid=26520, count:0
07-20 02:17:54.479 26520 26538 D mali_gralloc: unregister: id=23300018868, handle=0x72087cf4d0, base=0x0, importpid=26520, count:0
07-20 02:17:54.503 26520 26520 D mali_gralloc: unregister: id=23300018867, handle=0x720874e8f0, base=0x0, importpid=26520, count:0
07-20 02:17:54.618 26520 26520 W WindowOnBackDispatcher: sendCancelIfRunning: isInProgress=falsecallback=ImeCallback=ImeOnBackInvokedCallback@162740440 Callback=android.window.IOnBackInvokedCallback$Stub$Proxy@84f1705
07-20 02:17:54.646 26520 26520 I ImeTracker: com.termux:6b0add0e: onRequestHide at ORIGIN_CLIENT_HIDE_SOFT_INPUT reason HIDE_SOFT_INPUT_BY_INSETS_API
07-20 02:17:54.647 26520 26520 I ImeTracker: com.termux:6b0add0e: onFailed at PHASE_CLIENT_VIEW_SERVED
07-20 02:17:54.648 26520 26520 I ImeTracker: com.openai.chatgpt:f20c4c57: onHidden
07-20 02:17:55.589 26520 18010 D MediaCodecList: codecHandlesFormat: no format, so no extra checks
07-20 02:17:55.591 26520 18012 D CCodec  : allocate(c2.android.vorbis.decoder)
07-20 02:17:55.593 26520 18012 I CCodec  : setting up 'default' as default (vendor) store
07-20 02:17:55.597 26520 26568 D BufferPoolAccessor2.0: Destruction - bufferpool2 0x72c87d77a8 cached: 0/0M, 0/0% in use; allocs: 7, 29% recycled; transfers: 24, 79% unfetched
07-20 02:17:55.598 26520 18012 I CCodec  : Created component [c2.android.vorbis.decoder]
07-20 02:17:55.598 26520 18012 D CCodecConfig: read media type: audio/vorbis
07-20 02:17:55.601 26520 18012 D ReflectedParamUpdater: extent() != 1 for single value type: algo.buffers.max-count.values
07-20 02:17:55.602 26520 18012 D ReflectedParamUpdater: extent() != 1 for single value type: output.subscribed-indices.values
07-20 02:17:55.602 26520 18012 D ReflectedParamUpdater: extent() != 1 for single value type: input.buffers.allocator-ids.values
07-20 02:17:55.602 26520 18012 D ReflectedParamUpdater: extent() != 1 for single value type: output.buffers.allocator-ids.values
07-20 02:17:55.602 26520 18012 D ReflectedParamUpdater: extent() != 1 for single value type: algo.buffers.allocator-ids.values
07-20 02:17:55.603 26520 18012 D ReflectedParamUpdater: extent() != 1 for single value type: output.buffers.pool-ids.values
07-20 02:17:55.603 26520 18012 D ReflectedParamUpdater: extent() != 1 for single value type: algo.buffers.pool-ids.values
07-20 02:17:55.604 26520 18012 I CCodecConfig: query failed after returning 7 values (BAD_INDEX)
07-20 02:17:55.604 26520 18012 D CCodecConfig: c2 config diff is Dict {
07-20 02:17:55.604 26520 18012 D CCodecConfig:   c2::u32 coded.bitrate.value = 64000
07-20 02:17:55.604 26520 18012 D CCodecConfig:   c2::u32 input.buffers.max-size.value = 32768
07-20 02:17:55.604 26520 18012 D CCodecConfig:   c2::u32 input.delay.value = 0
07-20 02:17:55.604 26520 18012 D CCodecConfig:   string input.media-type.value = "audio/vorbis"
07-20 02:17:55.604 26520 18012 D CCodecConfig:   string output.media-type.value = "audio/raw"
07-20 02:17:55.604 26520 18012 D CCodecConfig:   c2::u32 raw.channel-count.value = 1
07-20 02:17:55.604 26520 18012 D CCodecConfig:   c2::u32 raw.sample-rate.value = 48000
07-20 02:17:55.604 26520 18012 D CCodecConfig: }
07-20 02:17:55.606 26520 18012 D MediaCodec: flushMediametrics
07-20 02:17:55.606 26520 18012 D CCodec  : [c2.android.vorbis.decoder] buffers are bound to CCodec for this session
07-20 02:17:55.606 26520 18012 D CCodecConfig: no c2 equivalents for durationUs
07-20 02:17:55.606 26520 18012 D CCodecConfig: no c2 equivalents for track-id
07-20 02:17:55.606 26520 18012 D CCodecConfig: no c2 equivalents for csd-1
07-20 02:17:55.606 26520 18012 D CCodecConfig: no c2 equivalents for flags
07-20 02:17:55.607 26520 18015 D mali_gralloc: register: id=2330001887f, handle=0x7208792690, importpid=-1, gRegisteredHandles=0
07-20 02:17:55.608 26520 18015 D mali_gralloc: register: id=23300018880, handle=0x7208772110, importpid=-1, gRegisteredHandles=1
07-20 02:17:55.609 26520 18012 D CCodecConfig: c2 config diff is   c2::u32 coded.bitrate.value = 96000
07-20 02:17:55.609 26520 18012 D CCodecConfig:   c2::u32 raw.sample-rate.value = 44100
07-20 02:17:55.610 26520 18015 D mali_gralloc: register: id=23300018881, handle=0x7208753570, importpid=-1, gRegisteredHandles=2
07-20 02:17:55.611 26520 18012 W Codec2Client: query -- param skipped: index = 1107298332.
07-20 02:17:55.611 26520 18012 D CCodec  : encoding statistics level = 0
07-20 02:17:55.611 26520 18012 D CCodec  : setup formats input: AMessage(what = 0x00000000) = {
07-20 02:17:55.611 26520 18012 D CCodec  :   int32_t bitrate = 96000
07-20 02:17:55.611 26520 18012 D CCodec  :   int32_t channel-count = 1
07-20 02:17:55.611 26520 18012 D CCodec  :   int32_t max-input-size = 32768
07-20 02:17:55.611 26520 18012 D CCodec  :   string mime = "audio/vorbis"
07-20 02:17:55.611 26520 18012 D CCodec  :   int32_t sample-rate = 44100
07-20 02:17:55.611 26520 18012 D CCodec  : }
07-20 02:17:55.611 26520 18012 D CCodec  : setup formats output: AMessage(what = 0x00000000) = {
07-20 02:17:55.611 26520 18012 D CCodec  :   int32_t channel-count = 1
07-20 02:17:55.611 26520 18012 D CCodec  :   string mime = "audio/raw"
07-20 02:17:55.611 26520 18012 D CCodec  :   int32_t sample-rate = 44100
07-20 02:17:55.611 26520 18012 D CCodec  :   int32_t channel-mask = 1
07-20 02:17:55.611 26520 18012 D CCodec  :   int32_t android._config-pcm-encoding = 2
07-20 02:17:55.611 26520 18012 D CCodec  : }
07-20 02:17:55.611 26520 18012 I CCodecConfig: query failed after returning 7 values (BAD_INDEX)
07-20 02:17:55.612 26520 18015 D mali_gralloc: register: id=23300018882, handle=0x72087e7350, importpid=-1, gRegisteredHandles=3
07-20 02:17:55.612 26520 18012 W Codec2Client: query -- param skipped: index = 1342179345.
07-20 02:17:55.612 26520 18012 W Codec2Client: query -- param skipped: index = 2415921170.
07-20 02:17:55.613 26520 18012 D CCodecBufferChannel: [c2.android.vorbis.decoder#787] Created input block pool with allocatorID 16 => poolID 588 - OK (0)
07-20 02:17:55.615 26520 18012 I CCodecBufferChannel: [c2.android.vorbis.decoder#787] Created output block pool with allocatorID 16 => poolID 1334 - OK
07-20 02:17:55.615 26520 18012 D CCodecBufferChannel: [c2.android.vorbis.decoder#787] Configured output block pool ids 1334 => OK
07-20 02:17:55.669 26520 18012 D CCodecBufferChannel: [c2.android.vorbis.decoder#787] MediaCodec discarded an unknown buffer
07-20 02:17:55.669 26520 18012 D CCodecBufferChannel: [c2.android.vorbis.decoder#787] MediaCodec discarded an unknown buffer
07-20 02:17:55.669 26520 18012 D CCodecBufferChannel: [c2.android.vorbis.decoder#787] MediaCodec discarded an unknown buffer
07-20 02:17:55.671 26520 18012 I hw-BpHwBinder: onLastStrongRef automatically unlinking death recipients
07-20 02:17:55.673 26520 18010 D MediaCodec: flushMediametrics
07-20 02:17:55.704 26520 26520 D InsetsController: show(ime(), fromIme=true)
07-20 02:17:55.723 26520 26520 I ImeTracker: com.termux:ec7afdc0: onShown
07-20 02:17:55.882 26520 26520 I ImeTracker: com.termux:54d45afa: onRequestShow at ORIGIN_CLIENT_SHOW_SOFT_INPUT reason SHOW_SOFT_INPUT
07-20 02:17:55.882 26520 26520 D InputMethodManager: showSoftInput() view=com.termux.view.TerminalView{f4b43bc VFED.V.L. .F...... 0,0-710,635 #7f080191 app:id/terminal_view aid=1073741825} flags=0 reason=SHOW_SOFT_INPUT
07-20 02:17:55.885 26520 26520 D InsetsController: show(ime(), fromIme=true)
07-20 02:17:55.886 26520 26520 I ImeTracker: com.termux:54d45afa: onCancelled at PHASE_CLIENT_APPLY_ANIMATION
07-20 02:17:56.973 18018 18018 W bash    : type=1400 audit(0.0:27787): avc:  granted  { execute } for  name="logcat" dev="dm-48" ino=2764254 scontext=u:r:untrusted_app_27:s0:c237,c256,c512,c768 tcontext=u:object_r:app_data_file:s0:c237,c256,c512,c768 tclass=file app=com.termux
07-20 02:17:56.973 18018 18018 W bash    : type=1400 audit(0.0:27788): avc:  granted  { execute } for  name="dash" dev="dm-48" ino=2801234 scontext=u:r:untrusted_app_27:s0:c237,c256,c512,c768 tcontext=u:object_r:app_data_file:s0:c237,c256,c512,c768 tclass=file app=com.termux
07-20 02:17:56.973 18018 18018 W bash    : type=1400 audit(0.0:27789): avc:  granted  { execute_no_trans } for  path="/data/data/com.termux/files/usr/bin/dash" dev="dm-48" ino=2801234 scontext=u:r:untrusted_app_27:s0:c237,c256,c512,c768 tcontext=u:object_r:app_data_file:s0:c237,c256,c512,c768 tclass=file app=com.termux
07-20 02:17:56.977 18018 18018 W sh      : type=1400 audit(0.0:27790): avc:  granted  { execute } for  path="/data/data/com.termux/files/usr/bin/dash" dev="dm-48" ino=2801234 scontext=u:r:untrusted_app_27:s0:c237,c256,c512,c768 tcontext=u:object_r:app_data_file:s0:c237,c256,c512,c768 tclass=file app=com.termux
07-20 02:17:56.977 18018 18018 W sh      : type=1400 audit(0.0:27791): avc:  denied  { search } for  name="tests" dev="dm-48" ino=106 scontext=u:r:untrusted_app_27:s0:c237,c256,c512,c768 tcontext=u:object_r:shell_test_data_file:s0 tclass=dir permissive=0 app=com.termux
07-20 02:17:57.350 26520 26567 D BufferPoolAccessor2.0: bufferpool2 0x72c87cd378 : 0(0 size) total buffers - 0(0 size) used buffers - 2/7 (recycle/alloc) - 5/24 (fetch/transfer)
07-20 02:17:57.350 26520 26567 D BufferPoolAccessor2.0: evictor expired: 1, evicted: 1
07-20 02:17:57.877 26520 26538 D mali_gralloc: unregister: id=2330001887f, handle=0x7208792690, base=0x0, importpid=26520, count:0
07-20 02:17:57.877 26520 26538 D mali_gralloc: unregister: id=23300018881, handle=0x7208753570, base=0x0, importpid=26520, count:0
07-20 02:17:57.877 26520 26538 D mali_gralloc: unregister: id=23300018882, handle=0x72087e7350, base=0x0, importpid=26520, count:0
07-20 02:17:57.886 26520 26520 D mali_gralloc: unregister: id=23300018880, handle=0x7208772110, base=0x0, importpid=26520, count:0
07-20 02:17:57.983 26520 26520 W WindowOnBackDispatcher: sendCancelIfRunning: isInProgress=falsecallback=ImeCallback=ImeOnBackInvokedCallback@162740440 Callback=android.window.IOnBackInvokedCallback$Stub$Proxy@383429d
07-20 02:17:58.019 26520 26520 I ImeTracker: com.openai.chatgpt:e0520bf3: onCancelled at PHASE_CLIENT_ANIMATION_CANCEL
07-20 02:17:58.020 26520 26520 I ImeTracker: com.termux:79b70cc0: onRequestHide at ORIGIN_CLIENT_HIDE_SOFT_INPUT reason HIDE_SOFT_INPUT_BY_INSETS_API
07-20 02:17:58.021 26520 26520 I ImeTracker: com.termux:79b70cc0: onFailed at PHASE_CLIENT_VIEW_SERVED
07-20 02:17:58.023 26520 26520 I ImeTracker: com.openai.chatgpt:e0520bf3: onHidden
07-20 02:18:01.351 26520 26567 D BufferPoolAccessor2.0: bufferpool2 0x72c87d77a8 : 0(0 size) total buffers - 0(0 size) used buffers - 2/7 (recycle/alloc) - 5/24 (fetch/transfer)
07-20 02:18:01.351 26520 26567 D BufferPoolAccessor2.0: evictor expired: 2, evicted: 1
07-20 02:19:04.237 26520 18151 D MediaCodecList: codecHandlesFormat: no format, so no extra checks
07-20 02:19:04.242 26520 18153 D CCodec  : allocate(c2.android.vorbis.decoder)
07-20 02:19:04.244 26520 18153 I CCodec  : setting up 'default' as default (vendor) store
07-20 02:19:04.250 26520 26568 D BufferPoolAccessor2.0: bufferpool2 0x72c87cd378 : 0(0 size) total buffers - 0(0 size) used buffers - 2/7 (recycle/alloc) - 5/24 (fetch/transfer)
07-20 02:19:04.250 26520 26568 D BufferPoolAccessor2.0: Destruction - bufferpool2 0x72c87cd378 cached: 0/0M, 0/0% in use; allocs: 7, 29% recycled; transfers: 24, 79% unfetched
07-20 02:19:04.250 26520 26568 D BufferPoolAccessor2.0: bufferpool2 0x72c87d77a8 : 0(0 size) total buffers - 0(0 size) used buffers - 2/7 (recycle/alloc) - 5/24 (fetch/transfer)
07-20 02:19:04.250 26520 26568 D BufferPoolAccessor2.0: Destruction - bufferpool2 0x72c87d77a8 cached: 0/0M, 0/0% in use; allocs: 7, 29% recycled; transfers: 24, 79% unfetched
07-20 02:19:04.252 26520 18153 I CCodec  : Created component [c2.android.vorbis.decoder]
07-20 02:19:04.253 26520 18153 D CCodecConfig: read media type: audio/vorbis
07-20 02:19:04.253 26520 18155 D mali_gralloc: register: id=233000188bd, handle=0x7208787170, importpid=-1, gRegisteredHandles=0
07-20 02:19:04.255 26520 18155 D mali_gralloc: register: id=233000188be, handle=0x72087a3eb0, importpid=-1, gRegisteredHandles=1
07-20 02:19:04.256 26520 18155 D mali_gralloc: register: id=233000188bf, handle=0x72087a36d0, importpid=-1, gRegisteredHandles=2
07-20 02:19:04.257 26520 18155 D mali_gralloc: register: id=233000188c0, handle=0x72087d84d0, importpid=-1, gRegisteredHandles=3
07-20 02:19:04.259 26520 18153 D ReflectedParamUpdater: extent() != 1 for single value type: algo.buffers.max-count.values
07-20 02:19:04.260 26520 18153 D ReflectedParamUpdater: extent() != 1 for single value type: output.subscribed-indices.values
07-20 02:19:04.260 26520 18153 D ReflectedParamUpdater: extent() != 1 for single value type: input.buffers.allocator-ids.values
07-20 02:19:04.261 26520 18153 D ReflectedParamUpdater: extent() != 1 for single value type: output.buffers.allocator-ids.values
07-20 02:19:04.261 26520 18153 D ReflectedParamUpdater: extent() != 1 for single value type: algo.buffers.allocator-ids.values
07-20 02:19:04.261 26520 18153 D ReflectedParamUpdater: extent() != 1 for single value type: output.buffers.pool-ids.values
07-20 02:19:04.261 26520 18153 D ReflectedParamUpdater: extent() != 1 for single value type: algo.buffers.pool-ids.values
07-20 02:19:04.263 26520 18153 I CCodecConfig: query failed after returning 7 values (BAD_INDEX)
07-20 02:19:04.264 26520 18153 D CCodecConfig: c2 config diff is Dict {
07-20 02:19:04.264 26520 18153 D CCodecConfig:   c2::u32 coded.bitrate.value = 64000
07-20 02:19:04.264 26520 18153 D CCodecConfig:   c2::u32 input.buffers.max-size.value = 32768
07-20 02:19:04.264 26520 18153 D CCodecConfig:   c2::u32 input.delay.value = 0
07-20 02:19:04.264 26520 18153 D CCodecConfig:   string input.media-type.value = "audio/vorbis"
07-20 02:19:04.264 26520 18153 D CCodecConfig:   string output.media-type.value = "audio/raw"
07-20 02:19:04.264 26520 18153 D CCodecConfig:   c2::u32 raw.channel-count.value = 1
07-20 02:19:04.264 26520 18153 D CCodecConfig:   c2::u32 raw.sample-rate.value = 48000
07-20 02:19:04.264 26520 18153 D CCodecConfig: }
07-20 02:19:04.270 26520 18153 D MediaCodec: flushMediametrics
07-20 02:19:04.270 26520 18153 D CCodec  : [c2.android.vorbis.decoder] buffers are bound to CCodec for this session
07-20 02:19:04.270 26520 18153 D CCodecConfig: no c2 equivalents for durationUs
07-20 02:19:04.270 26520 18153 D CCodecConfig: no c2 equivalents for track-id
07-20 02:19:04.270 26520 18153 D CCodecConfig: no c2 equivalents for csd-1
07-20 02:19:04.270 26520 18153 D CCodecConfig: no c2 equivalents for flags
07-20 02:19:04.271 26520 18153 D CCodecConfig: c2 config diff is   c2::u32 coded.bitrate.value = 96000
07-20 02:19:04.271 26520 18153 D CCodecConfig:   c2::u32 raw.sample-rate.value = 44100
07-20 02:19:04.272 26520 18153 W Codec2Client: query -- param skipped: index = 1107298332.
07-20 02:19:04.273 26520 18153 D CCodec  : encoding statistics level = 0
07-20 02:19:04.273 26520 18153 D CCodec  : setup formats input: AMessage(what = 0x00000000) = {
07-20 02:19:04.273 26520 18153 D CCodec  :   int32_t bitrate = 96000
07-20 02:19:04.273 26520 18153 D CCodec  :   int32_t channel-count = 1
07-20 02:19:04.273 26520 18153 D CCodec  :   int32_t max-input-size = 32768
07-20 02:19:04.273 26520 18153 D CCodec  :   string mime = "audio/vorbis"
07-20 02:19:04.273 26520 18153 D CCodec  :   int32_t sample-rate = 44100
07-20 02:19:04.273 26520 18153 D CCodec  : }
07-20 02:19:04.273 26520 18153 D CCodec  : setup formats output: AMessage(what = 0x00000000) = {
07-20 02:19:04.273 26520 18153 D CCodec  :   int32_t channel-count = 1
07-20 02:19:04.273 26520 18153 D CCodec  :   string mime = "audio/raw"
07-20 02:19:04.273 26520 18153 D CCodec  :   int32_t sample-rate = 44100
07-20 02:19:04.273 26520 18153 D CCodec  :   int32_t channel-mask = 1
07-20 02:19:04.273 26520 18153 D CCodec  :   int32_t android._config-pcm-encoding = 2
07-20 02:19:04.273 26520 18153 D CCodec  : }
07-20 02:19:04.273 26520 18153 I CCodecConfig: query failed after returning 7 values (BAD_INDEX)
07-20 02:19:04.274 26520 18153 W Codec2Client: query -- param skipped: index = 1342179345.
07-20 02:19:04.274 26520 18153 W Codec2Client: query -- param skipped: index = 2415921170.
07-20 02:19:04.276 26520 18153 D CCodecBufferChannel: [c2.android.vorbis.decoder#237] Created input block pool with allocatorID 16 => poolID 589 - OK (0)
07-20 02:19:04.279 26520 18153 I CCodecBufferChannel: [c2.android.vorbis.decoder#237] Created output block pool with allocatorID 16 => poolID 1336 - OK
07-20 02:19:04.279 26520 18153 D CCodecBufferChannel: [c2.android.vorbis.decoder#237] Configured output block pool ids 1336 => OK
07-20 02:19:04.321 26520 18153 D CCodecBufferChannel: [c2.android.vorbis.decoder#237] MediaCodec discarded an unknown buffer
07-20 02:19:04.328 26520 18153 I hw-BpHwBinder: onLastStrongRef automatically unlinking death recipients
07-20 02:19:04.329 26520 18151 D MediaCodec: flushMediametrics
07-20 02:19:04.370 26520 26520 D InsetsController: show(ime(), fromIme=true)
07-20 02:19:04.396 26520 26520 D InsetsController: show(ime(), fromIme=true)
07-20 02:19:04.396 26520 26520 I ImeTracker: com.termux:3567c9fd: onCancelled at PHASE_CLIENT_APPLY_ANIMATION
07-20 02:19:04.396 26520 26520 I ImeTracker: com.termux:e5388501: onShown
07-20 02:19:04.526 26520 26520 I ImeTracker: com.termux:360ecf15: onRequestShow at ORIGIN_CLIENT_SHOW_SOFT_INPUT reason SHOW_SOFT_INPUT
07-20 02:19:04.527 26520 26520 D InputMethodManager: showSoftInput() view=com.termux.view.TerminalView{f4b43bc VFED.V.L. .F...... 0,0-710,635 #7f080191 app:id/terminal_view aid=1073741825} flags=0 reason=SHOW_SOFT_INPUT
07-20 02:19:04.530 26520 26520 D InsetsController: show(ime(), fromIme=true)
07-20 02:19:04.530 26520 26520 I ImeTracker: com.termux:360ecf15: onCancelled at PHASE_CLIENT_APPLY_ANIMATION
